Testing AI Service...
≡ƒñû Calling OpenRouter AI...
node : Γ¥î 
OpenRouter API 
Error: Request 
failed with status 
code 401
At line:1 char:1
+ node test-ai.js > 
test-output.txt 2>&1
+ ~~~~~~~~~~~~~~~~~~~
~~~~~~~~~~~~~~~~~~~
    + CategoryInfo   
           : NotSpe  
  cified: (Γ¥î Ope   
 nRouter ...statu    
s code 401:Strin    
g) [], RemoteExc    
eption
    + FullyQualified 
   ErrorId : Native  
  CommandError
 
   Status: 401
   Data: {"error":{"m
essage":"User not 
found.","code":401}}
AI Gen Questions 
Failed: AxiosError: 
Request failed with 
status code 401
    at settle 
(C:\Users\HP\Skill Bu
ddy\backend\node_modu
les\axios\dist\node\a
xios.cjs:2106:12)
    at IncomingMessag
e.handleStreamEnd 
(C:\Users\HP\Skill Bu
ddy\backend\node_modu
les\axios\dist\node\a
xios.cjs:3491:11)
    at 
IncomingMessage.emit 
(node:events:520:35)
    at endReadableNT 
(node:internal/stream
s/readable:1701:12)
    at process.proces
sTicksAndRejections (
node:internal/process
/task_queues:89:21)
    at Axios.request 
(C:\Users\HP\Skill Bu
ddy\backend\node_modu
les\axios\dist\node\a
xios.cjs:4731:41)
    at process.proces
sTicksAndRejections (
node:internal/process
/task_queues:103:5)
    at async 
callOpenRouter 
(C:\Users\HP\Skill Bu
ddy\backend\services\
ai-service.js:46:22)
    at async Object.g
enerateAssessmentQues
tions 
(C:\Users\HP\Skill Bu
ddy\backend\services\
ai-service.js:111:22)
    at async test 
(C:\Users\HP\Skill Bu
ddy\backend\test-ai.j
s:7:23) {
  code: 
'ERR_BAD_REQUEST',
  config: {
    transitional: {
      
silentJSONParsing: 
true,
      
forcedJSONParsing: 
true,
      
clarifyTimeoutError: 
false
    },
    adapter: [ 
'xhr', 'http', 
'fetch' ],
    
transformRequest: [ 
[Function: 
transformRequest] ],
    
transformResponse: [ 
[Function: 
transformResponse] ],
    timeout: 45000,
    xsrfCookieName: 
'XSRF-TOKEN',
    xsrfHeaderName: 
'X-XSRF-TOKEN',
    
maxContentLength: -1,
    maxBodyLength: 
-1,
    env: { FormData: 
[Function], Blob: 
[class Blob] },
    validateStatus: 
[Function: 
validateStatus],
    headers: Object 
[AxiosHeaders] {
      Accept: 
'application/json, 
text/plain, */*',
      
'Content-Type': 
'application/json',
      Authorization: 
'Bearer sk-or-v1-3dd6
3ce2a0eaca95b7ac778d8
c6075187838172c73ef78
654b8e251252e246dd',
      
'HTTP-Referer': 'http
://localhost:5173',
      'X-Title': 
'SkillBuddy',
      'User-Agent': 
'axios/1.13.2',
      
'Content-Length': 
'922',
      
'Accept-Encoding': 
'gzip, compress, 
deflate, br'
    },
    method: 'post',
    url: 'https://ope
nrouter.ai/api/v1/cha
t/completions',
    data: '{"model":"
meta-llama/llama-3.3-
70b-instruct:free","m
essages":[{"role":"sy
stem","content":"You 
are a helpful 
educational 
assistant. Always 
respond with valid 
JSON only, no 
markdown formatting 
or explanations."},{"
role":"user","content
":"Generate exactly 
5 multiple-choice 
questions for a 
Beginner level 
assessment in 
Frontend Development.
\\n\\nCRITICAL: 
Return ONLY valid 
JSON array, no markdo
wn.\\n\\nFormat:\\n[\
\n  {\\n    
\\"question\\": 
\\"Question 
text\\",\\n    
\\"options\\": 
[\\"Option A\\", 
\\"Option B\\", 
\\"Option C\\", 
\\"Option D\\"],\\n  
  
\\"correctAnswer\\": 
\\"Option A\\",\\n   
 \\"explanation\\": 
\\"Why it is 
correct\\",\\n    
\\"hint\\": 
\\"Helpful 
hint\\",\\n    
\\"bloomLevel\\": 
\\"understand\\",\\n 
   \\"topic\\": 
\\"Specific 
topic\\"\\n  }\\n]\\n
\\nRequirements:\\n- 
Exactly 5 
questions\\n- 
correctAnswer must 
match one option 
exactly\\n- 
bloomLevel: 
remember, 
understand, apply, 
analyze, evaluate, 
or create"}],"max_tok
ens":3000,"temperatur
e":0.7}',
    
allowAbsoluteUrls: 
true
  },
  request: <ref *1> 
ClientRequest {
    _events: 
[Object: null 
prototype] {
      abort: 
[Function 
(anonymous)],
      aborted: 
[Function 
(anonymous)],
      connect: 
[Function 
(anonymous)],
      error: 
[Function 
(anonymous)],
      socket: 
[Function 
(anonymous)],
      timeout: 
[Function 
(anonymous)],
      finish: 
[Function: 
requestOnFinish]
    },
    _eventsCount: 7,
    _maxListeners: 
undefined,
    outputData: [],
    outputSize: 0,
    writable: true,
    destroyed: true,
    _last: false,
    chunkedEncoding: 
false,
    shouldKeepAlive: 
true,
    maxRequestsOnConn
ectionReached: false,
    
_defaultKeepAlive: 
true,
    useChunkedEncodin
gByDefault: true,
    sendDate: false,
    
_removedConnection: 
false,
    _removedContLen: 
false,
    _removedTE: 
false,
    
strictContentLength: 
false,
    _contentLength: 
922,
    _hasBody: true,
    _trailer: '',
    finished: true,
    _headerSent: 
true,
    _closed: true,
    _header: 'POST /a
pi/v1/chat/completion
s HTTP/1.1\r\n' +
      'Accept: 
application/json, 
text/plain, */*\r\n' 
+
      'Content-Type: 
application/json\r\n'
 +
      
'Authorization: 
Bearer sk-or-v1-3dd63
ce2a0eaca95b7ac778d8c
6075187838172c73ef786
54b8e251252e246dd\r\n
' +
      'HTTP-Referer: 
http://localhost:5173
\r\n' +
      'X-Title: 
SkillBuddy\r\n' +
      'User-Agent: 
axios/1.13.2\r\n' +
      
'Content-Length: 
922\r\n' +
      
'Accept-Encoding: 
gzip, compress, 
deflate, br\r\n' +
      'Host: 
openrouter.ai\r\n' +
      'Connection: 
keep-alive\r\n' +
      '\r\n',
    
_keepAliveTimeout: 0,
    _onPendingData: 
[Function: nop],
    agent: Agent {
      _events: 
[Object: null 
prototype],
      _eventsCount: 
2,
      _maxListeners: 
undefined,
      options: 
[Object: null 
prototype],
      defaultPort: 
443,
      protocol: 
'https:',
      requests: 
[Object: null 
prototype] {},
      sockets: 
[Object: null 
prototype] {},
      freeSockets: 
[Object: null 
prototype],
      
keepAliveMsecs: 1000,
      keepAlive: 
true,
      maxSockets: 
Infinity,
      
maxFreeSockets: 256,
      scheduling: 
'lifo',
      
maxTotalSockets: 
Infinity,
      
totalSocketCount: 1,
      agentKeepAliveT
imeoutBuffer: 1000,
      
maxCachedSessions: 
100,
      _sessionCache: 
[Object],
      
Symbol(shapeMode): 
false,
      
Symbol(kCapture): 
false
    },
    socketPath: 
undefined,
    method: 'POST',
    maxHeaderSize: 
undefined,
    
insecureHTTPParser: 
undefined,
    joinDuplicateHead
ers: undefined,
    path: '/api/v1/ch
at/completions',
    _ended: true,
    res: 
IncomingMessage {
      _events: 
[Object],
      
_readableState: 
[ReadableState],
      _maxListeners: 
undefined,
      socket: null,
      
httpVersionMajor: 1,
      
httpVersionMinor: 1,
      httpVersion: 
'1.1',
      complete: true,
      rawHeaders: 
[Array],
      rawTrailers: 
[],
      joinDuplicateHe
aders: undefined,
      aborted: false,
      upgrade: false,
      url: '',
      method: null,
      statusCode: 
401,
      statusMessage: 
'Unauthorized',
      client: 
[TLSSocket],
      _consuming: 
true,
      _dumped: false,
      req: [Circular 
*1],
      _eventsCount: 
4,
      responseUrl: 'h
ttps://openrouter.ai/
api/v1/chat/completio
ns',
      redirects: [],
      
Symbol(shapeMode): 
true,
      
Symbol(kCapture): 
false,
      
Symbol(kHeaders): 
[Object],
      Symbol(kHeaders
Count): 22,
      
Symbol(kTrailers): 
null,
      Symbol(kTrailer
sCount): 0
    },
    aborted: false,
    timeoutCb: null,
    
upgradeOrConnect: 
false,
    parser: null,
    maxHeadersCount: 
null,
    reusedSocket: 
false,
    host: 
'openrouter.ai',
    protocol: 
'https:',
    _redirectable: 
Writable {
      _events: 
[Object],
      
_writableState: 
[WritableState],
      _maxListeners: 
undefined,
      _options: 
[Object],
      _ended: true,
      _ending: true,
      
_redirectCount: 0,
      _redirects: [],
      
_requestBodyLength: 
922,
      
_requestBodyBuffers: 
[],
      _eventsCount: 
3,
      
_onNativeResponse: 
[Function 
(anonymous)],
      
_currentRequest: 
[Circular *1],
      _currentUrl: 'h
ttps://openrouter.ai/
api/v1/chat/completio
ns',
      _timeout: null,
      
Symbol(shapeMode): 
true,
      
Symbol(kCapture): 
false
    },
    
Symbol(shapeMode): 
false,
    
Symbol(kCapture): 
false,
    Symbol(kBytesWrit
ten): 0,
    
Symbol(kNeedDrain): 
false,
    Symbol(corked): 
0,
    Symbol(kChunkedBu
ffer): [],
    Symbol(kChunkedLe
ngth): 0,
    Symbol(kSocket): 
TLSSocket {
      _tlsOptions: 
[Object],
      
_secureEstablished: 
true,
      
_securePending: 
false,
      
_newSessionPending: 
false,
      
_controlReleased: 
true,
      
secureConnecting: 
false,
      _SNICallback: 
null,
      servername: 
'openrouter.ai',
      alpnProtocol: 
false,
      authorized: 
true,
      
authorizationError: 
null,
      encrypted: 
true,
      _events: 
[Object: null 
prototype],
      _eventsCount: 
9,
      connecting: 
false,
      _hadError: 
false,
      _parent: null,
      _host: 
'openrouter.ai',
      _closeAfterHand
lingError: false,
      
_readableState: 
[ReadableState],
      
_writableState: 
[WritableState],
      allowHalfOpen: 
false,
      _maxListeners: 
undefined,
      _sockname: 
null,
      _pendingData: 
null,
      
_pendingEncoding: '',
      server: 
undefined,
      _server: null,
      ssl: [TLSWrap],
      _requestCert: 
true,
      
_rejectUnauthorized: 
true,
      timeout: 5000,
      parser: null,
      _httpMessage: 
null,
      autoSelectFamil
yAttemptedAddresses: 
[Array],
      Symbol(alpncall
back): null,
      Symbol(res): 
[TLSWrap],
      
Symbol(verified): 
true,
      Symbol(pendingS
ession): null,
      Symbol(async_id
_symbol): -1,
      
Symbol(kHandle): 
[TLSWrap],
      Symbol(lastWrit
eQueueSize): 0,
      
Symbol(timeout): 
Timeout {
        
_idleTimeout: 5000,
        _idlePrev: 
[TimersList],
        _idleNext: 
[TimersList],
Result: [
  {
    "question": "Fallback Question 1 for Frontend Development",
    "options": [
      "A",
      "B",
      "C",
      "D"
    ],
    "correctAnswer": "A",
    "explanation": "Fallback",
    "hint": "Fallback",
    "bloomLevel": "remember",
    "topic": "Frontend Development"
  },
  {
    "question": "Fallback Question 2 for Frontend Development",
    "options": [
      "A",
      "B",
      "C",
      "D"
    ],
    "correctAnswer": "A",
    "explanation": "Fallback",
    "hint": "Fallback",
    "bloomLevel": "remember",
    "topic": "Frontend Development"
  },
  {
    "question": "Fallback Question 3 for Frontend Development",
    "options": [
      "A",
      "B",
      "C",
      "D"
    ],
        _idleStart: 
3006,
        _onTimeout: 
[Function: bound ],
        _timerArgs: 
undefined,
        _repeat: 
null,
        _destroyed: 
false,
        
Symbol(refed): false,
        Symbol(kHasPr
imitive): false,
        
Symbol(asyncId): 26,
        
Symbol(triggerId): 
24,
        Symbol(kAsync
ContextFrame): 
undefined
      },
      
Symbol(kBuffer): 
null,
      
Symbol(kBufferCb): 
null,
      
Symbol(kBufferGen): 
null,
      
Symbol(shapeMode): 
true,
      
Symbol(kCapture): 
false,
      
Symbol(kSetNoDelay): 
false,
      Symbol(kSetKeep
Alive): true,
      Symbol(kSetKeep
AliveInitialDelay): 
1,
      
Symbol(kBytesRead): 
0,
      Symbol(kBytesWr
itten): 0,
      Symbol(connect-
options): [Object]
    },
    
Symbol(kOutHeaders): 
[Object: null 
prototype] {
      accept: 
[Array],
      
'content-type': 
[Array],
      authorization: 
[Array],
      
'http-referer': 
[Array],
      'x-title': 
[Array],
      'user-agent': 
[Array],
      
'content-length': 
[Array],
      
'accept-encoding': 
[Array],
      host: [Array]
    },
    Symbol(errored): 
null,
    Symbol(kHighWater
Mark): 16384,
    Symbol(kRejectNon
StandardBodyWrites): 
false,
    Symbol(kUniqueHea
ders): null
  },
  response: {
    status: 401,
    statusText: 
'Unauthorized',
    headers: Object 
[AxiosHeaders] {
      date: 'Wed, 28 
Jan 2026 17:43:39 
GMT',
    "correctAnswer": "A",
    "explanation": "Fallback",
    "hint": "Fallback",
    "bloomLevel": "remember",
    "topic": "Frontend Development"
  },
  {
    "question": "Fallback Question 4 for Frontend Development",
    "options": [
      "A",
      "B",
      "C",
      "D"
    ],
    "correctAnswer": "A",
    "explanation": "Fallback",
    "hint": "Fallback",
    "bloomLevel": "remember",
    "topic": "Frontend Development"
  },
  {
    "question": "Fallback Question 5 for Frontend Development",
    "options": [
      "A",
      "B",
      "C",
      "D"
    ],
    "correctAnswer": "A",
    "explanation": "Fallback",
    "hint": "Fallback",
    "bloomLevel": "remember",
    "topic": "Frontend Development"
  }
]
      
'content-type': 
'application/json',
      
'transfer-encoding': 
'chunked',
      connection: 
'keep-alive',
      'cf-ray': '9c52
4b054e904926-BOM',
      'access-control
-allow-origin': '*',
      vary: 
'Accept-Encoding',
      'permissions-po
licy': 
'payment=(self "https
://checkout.stripe.co
m" "https://connect-j
s.stripe.com" "https:
//js.stripe.com" "htt
ps://*.js.stripe.com"
 "https://hooks.strip
e.com")',
      
'referrer-policy': 
'no-referrer, strict-
origin-when-cross-ori
gin',
      'x-content-type
-options': 'nosniff',
      server: 
'cloudflare'
    },
    config: {
      transitional: 
[Object],
      adapter: 
[Array],
      
transformRequest: 
[Array],
      
transformResponse: 
[Array],
      timeout: 45000,
      
xsrfCookieName: 
'XSRF-TOKEN',
      
xsrfHeaderName: 
'X-XSRF-TOKEN',
      
maxContentLength: -1,
      maxBodyLength: 
-1,
      env: [Object],
      
validateStatus: 
[Function: 
validateStatus],
      headers: 
[Object 
[AxiosHeaders]],
      method: 'post',
      url: 'https://o
penrouter.ai/api/v1/c
hat/completions',
      data: '{"model"
:"meta-llama/llama-3.
3-70b-instruct:free",
"messages":[{"role":"
system","content":"Yo
u are a helpful 
educational 
assistant. Always 
respond with valid 
JSON only, no 
markdown formatting 
or explanations."},{"
role":"user","content
":"Generate exactly 
5 multiple-choice 
questions for a 
Beginner level 
assessment in 
Frontend Development.
\\n\\nCRITICAL: 
Return ONLY valid 
JSON array, no markdo
wn.\\n\\nFormat:\\n[\
\n  {\\n    
\\"question\\": 
\\"Question 
text\\",\\n    
\\"options\\": 
[\\"Option A\\", 
\\"Option B\\", 
\\"Option C\\", 
\\"Option D\\"],\\n  
  
\\"correctAnswer\\": 
\\"Option A\\",\\n   
 \\"explanation\\": 
\\"Why it is 
correct\\",\\n    
\\"hint\\": 
\\"Helpful 
hint\\",\\n    
\\"bloomLevel\\": 
\\"understand\\",\\n 
   \\"topic\\": 
\\"Specific 
topic\\"\\n  }\\n]\\n
\\nRequirements:\\n- 
Exactly 5 
questions\\n- 
correctAnswer must 
match one option 
exactly\\n- 
bloomLevel: 
remember, 
understand, apply, 
analyze, evaluate, 
or create"}],"max_tok
ens":3000,"temperatur
e":0.7}',
      
allowAbsoluteUrls: 
true
    },
    request: <ref 
*1> ClientRequest {
      _events: 
[Object: null 
prototype],
      _eventsCount: 
7,
      _maxListeners: 
undefined,
      outputData: [],
      outputSize: 0,
      writable: true,
      destroyed: 
true,
      _last: false,
      
chunkedEncoding: 
false,
      
shouldKeepAlive: 
true,
      maxRequestsOnCo
nnectionReached: 
false,
      
_defaultKeepAlive: 
true,
      useChunkedEncod
ingByDefault: true,
      sendDate: 
false,
      
_removedConnection: 
false,
      
_removedContLen: 
false,
      _removedTE: 
false,
      
strictContentLength: 
false,
      
_contentLength: 922,
      _hasBody: true,
      _trailer: '',
      finished: true,
      _headerSent: 
true,
      _closed: true,
      _header: 'POST 
/api/v1/chat/completi
ons HTTP/1.1\r\n' +
        'Accept: 
application/json, 
text/plain, */*\r\n' 
+
        
'Content-Type: applic
ation/json\r\n' +
        
'Authorization: 
Bearer sk-or-v1-3dd63
ce2a0eaca95b7ac778d8c
6075187838172c73ef786
54b8e251252e246dd\r\n
' +
        
'HTTP-Referer: http:/
/localhost:5173\r\n' 
+
        'X-Title: 
SkillBuddy\r\n' +
        'User-Agent: 
axios/1.13.2\r\n' +
        
'Content-Length: 
922\r\n' +
        
'Accept-Encoding: 
gzip, compress, 
deflate, br\r\n' +
        'Host: 
openrouter.ai\r\n' +
        'Connection: 
keep-alive\r\n' +
        '\r\n',
      
_keepAliveTimeout: 0,
      
_onPendingData: 
[Function: nop],
      agent: [Agent],
      socketPath: 
undefined,
      method: 'POST',
      maxHeaderSize: 
undefined,
      
insecureHTTPParser: 
undefined,
      joinDuplicateHe
aders: undefined,
      path: '/api/v1/
chat/completions',
      _ended: true,
      res: 
[IncomingMessage],
      aborted: false,
      timeoutCb: 
null,
      
upgradeOrConnect: 
false,
      parser: null,
      
maxHeadersCount: 
null,
      reusedSocket: 
false,
      host: 
'openrouter.ai',
      protocol: 
'https:',
      _redirectable: 
[Writable],
      
Symbol(shapeMode): 
false,
      
Symbol(kCapture): 
false,
      Symbol(kBytesWr
itten): 0,
      
Symbol(kNeedDrain): 
false,
      
Symbol(corked): 0,
      Symbol(kChunked
Buffer): [],
      Symbol(kChunked
Length): 0,
      
Symbol(kSocket): 
[TLSSocket],
      
Symbol(kOutHeaders): 
[Object: null 
prototype],
      
Symbol(errored): 
null,
      Symbol(kHighWat
erMark): 16384,
      Symbol(kRejectN
onStandardBodyWrites)
: false,
      Symbol(kUniqueH
eaders): null
    },
    data: { error: 
[Object] }
  },
  status: 401
}
